[    1223ms] [WARNING] Error with Permissions-Policy header: Unrecognized feature: 'attribution-reporting'. @ :0
[    1223ms] [WARNING] Error with Permissions-Policy header: Unrecognized feature: 'shared-storage'. @ :0
[    1223ms] [WARNING] Error with Permissions-Policy header: Unrecognized feature: 'shared-storage-select-url'. @ :0
[    3956ms] [LOG] 
%cEspere! font-family:helvetica; font-size:20px; font-size:50px; font-weight:bold; color:red; -webkit-text-stroke:1px black; @ https://static.xx.fbcdn.net/rsrc.php/v4i70G4/yN/l/pt_BR-j/JZd5eaQp3wTMsvNGmVTzA1_sxDIX62p7sbDyIX9nwFi7M_N3ayJbD-uqRU4K862IdLZqt0A55K8JBWaldFNtPj-G-hwG0-A6qe0NI_8WzQ70jxf488pOXSz7wI3eqcrYWn6N0EV51rzVElev7RKE84X_smbyLIiCmFIV30EfsTDOak60biG4Xc9Be-bQhP8LreI73r1GBjasJ6J7ex1jeg42Yk3AUdgfL7ppzJILWm_OKB9INYgtjtvczDTaicMAed0NsSFz2ftyR7n7PqSlVeMIjRmOKFBiaOyENsboEvlou45hbVJ4kgmbvZnJjrucCyHRwFlLbJ.js:833
[    3956ms] [LOG] 
%cEste é um recurso de navegador voltado para desenvolvedores. Se alguém disse para você copiar e colar algo aqui para ativar um recurso do Facebook ou "invadir" a conta de outra pessoa, isso é uma fraude e você dará a ele acesso à sua conta. font-family:helvetica; font-size:20px;  @ https://static.xx.fbcdn.net/rsrc.php/v4i70G4/yN/l/pt_BR-j/JZd5eaQp3wTMsvNGmVTzA1_sxDIX62p7sbDyIX9nwFi7M_N3ayJbD-uqRU4K862IdLZqt0A55K8JBWaldFNtPj-G-hwG0-A6qe0NI_8WzQ70jxf488pOXSz7wI3eqcrYWn6N0EV51rzVElev7RKE84X_smbyLIiCmFIV30EfsTDOak60biG4Xc9Be-bQhP8LreI73r1GBjasJ6J7ex1jeg42Yk3AUdgfL7ppzJILWm_OKB9INYgtjtvczDTaicMAed0NsSFz2ftyR7n7PqSlVeMIjRmOKFBiaOyENsboEvlou45hbVJ4kgmbvZnJjrucCyHRwFlLbJ.js:833
[    3956ms] [LOG] 
%cConsulte https://www.facebook.com/selfxss para mais informações. font-family:helvetica; font-size:20px;  @ https://static.xx.fbcdn.net/rsrc.php/v4i70G4/yN/l/pt_BR-j/JZd5eaQp3wTMsvNGmVTzA1_sxDIX62p7sbDyIX9nwFi7M_N3ayJbD-uqRU4K862IdLZqt0A55K8JBWaldFNtPj-G-hwG0-A6qe0NI_8WzQ70jxf488pOXSz7wI3eqcrYWn6N0EV51rzVElev7RKE84X_smbyLIiCmFIV30EfsTDOak60biG4Xc9Be-bQhP8LreI73r1GBjasJ6J7ex1jeg42Yk3AUdgfL7ppzJILWm_OKB9INYgtjtvczDTaicMAed0NsSFz2ftyR7n7PqSlVeMIjRmOKFBiaOyENsboEvlou45hbVJ4kgmbvZnJjrucCyHRwFlLbJ.js:833
[    3956ms] [LOG] 
%c  @ https://static.xx.fbcdn.net/rsrc.php/v4i70G4/yN/l/pt_BR-j/JZd5eaQp3wTMsvNGmVTzA1_sxDIX62p7sbDyIX9nwFi7M_N3ayJbD-uqRU4K862IdLZqt0A55K8JBWaldFNtPj-G-hwG0-A6qe0NI_8WzQ70jxf488pOXSz7wI3eqcrYWn6N0EV51rzVElev7RKE84X_smbyLIiCmFIV30EfsTDOak60biG4Xc9Be-bQhP8LreI73r1GBjasJ6J7ex1jeg42Yk3AUdgfL7ppzJILWm_OKB9INYgtjtvczDTaicMAed0NsSFz2ftyR7n7PqSlVeMIjRmOKFBiaOyENsboEvlou45hbVJ4kgmbvZnJjrucCyHRwFlLbJ.js:833
[   82548ms] [WARNING] Error with Permissions-Policy header: Unrecognized feature: 'attribution-reporting'. @ :0
[   82548ms] [WARNING] Error with Permissions-Policy header: Unrecognized feature: 'shared-storage'. @ :0
[   82548ms] [WARNING] Error with Permissions-Policy header: Unrecognized feature: 'shared-storage-select-url'. @ :0
[   84851ms] [LOG] 
%cEspere! font-family:helvetica; font-size:20px; font-size:50px; font-weight:bold; color:red; -webkit-text-stroke:1px black; @ https://static.xx.fbcdn.net/rsrc.php/v4i70G4/yN/l/pt_BR-j/JZd5eaQp3wTMsvNGmVTzA1_sxDIX62p7sbDyIX9nwFi7M_N3ayJbD-uqRU4K862IdLZqt0A55K8JBWaldFNtPj-G-hwG0-A6qe0NI_8WzQ70jxf488pOXSz7wI3eqcrYWn6N0EV51rzVElev7RKE84X_smbyLIiCmFIV30EfsTDOak60biG4Xc9Be-bQhP8LreI73r1GBjasJ6J7ex1jeg42Yk3AUdgfL7ppzJILWm_OKB9INYgtjtvczDTaicMAed0NsSFz2ftyR7n7PqSlVeMIjRmOKFBiaOyENsboEvlou45hbVJ4kgmbvZnJjrucCyHRwFlLbJ.js:833
[   84851ms] [LOG] 
%cEste é um recurso de navegador voltado para desenvolvedores. Se alguém disse para você copiar e colar algo aqui para ativar um recurso do Facebook ou "invadir" a conta de outra pessoa, isso é uma fraude e você dará a ele acesso à sua conta. font-family:helvetica; font-size:20px;  @ https://static.xx.fbcdn.net/rsrc.php/v4i70G4/yN/l/pt_BR-j/JZd5eaQp3wTMsvNGmVTzA1_sxDIX62p7sbDyIX9nwFi7M_N3ayJbD-uqRU4K862IdLZqt0A55K8JBWaldFNtPj-G-hwG0-A6qe0NI_8WzQ70jxf488pOXSz7wI3eqcrYWn6N0EV51rzVElev7RKE84X_smbyLIiCmFIV30EfsTDOak60biG4Xc9Be-bQhP8LreI73r1GBjasJ6J7ex1jeg42Yk3AUdgfL7ppzJILWm_OKB9INYgtjtvczDTaicMAed0NsSFz2ftyR7n7PqSlVeMIjRmOKFBiaOyENsboEvlou45hbVJ4kgmbvZnJjrucCyHRwFlLbJ.js:833
[   84851ms] [LOG] 
%cConsulte https://www.facebook.com/selfxss para mais informações. font-family:helvetica; font-size:20px;  @ https://static.xx.fbcdn.net/rsrc.php/v4i70G4/yN/l/pt_BR-j/JZd5eaQp3wTMsvNGmVTzA1_sxDIX62p7sbDyIX9nwFi7M_N3ayJbD-uqRU4K862IdLZqt0A55K8JBWaldFNtPj-G-hwG0-A6qe0NI_8WzQ70jxf488pOXSz7wI3eqcrYWn6N0EV51rzVElev7RKE84X_smbyLIiCmFIV30EfsTDOak60biG4Xc9Be-bQhP8LreI73r1GBjasJ6J7ex1jeg42Yk3AUdgfL7ppzJILWm_OKB9INYgtjtvczDTaicMAed0NsSFz2ftyR7n7PqSlVeMIjRmOKFBiaOyENsboEvlou45hbVJ4kgmbvZnJjrucCyHRwFlLbJ.js:833
[   84851ms] [LOG] 
%c  @ https://static.xx.fbcdn.net/rsrc.php/v4i70G4/yN/l/pt_BR-j/JZd5eaQp3wTMsvNGmVTzA1_sxDIX62p7sbDyIX9nwFi7M_N3ayJbD-uqRU4K862IdLZqt0A55K8JBWaldFNtPj-G-hwG0-A6qe0NI_8WzQ70jxf488pOXSz7wI3eqcrYWn6N0EV51rzVElev7RKE84X_smbyLIiCmFIV30EfsTDOak60biG4Xc9Be-bQhP8LreI73r1GBjasJ6J7ex1jeg42Yk3AUdgfL7ppzJILWm_OKB9INYgtjtvczDTaicMAed0NsSFz2ftyR7n7PqSlVeMIjRmOKFBiaOyENsboEvlou45hbVJ4kgmbvZnJjrucCyHRwFlLbJ.js:833
